     1 00000000                                 ;paper-os
     2 00000000                                 ;TAB = 4
     3 00000000                                 
     4 00000000                                 ;BOOT_INFO
     5  = 00000FF0                              	CYLS EQU 0x0ff0		;setup boot section
     6  = 00000FF1                              	LEDS EQU 0x0ff1
     7  = 00000FF2                              	VMODE EQU 0x0ff2	;color related info, which represents bytes colors would use
     8  = 00000FF4                              	SCRNX EQU 0x0ff4	;X direction screen resolution
     9  = 00000FF6                              	SCRNY EQU 0x0ff6	;Y direction screen resolution
    10  = 00000FF8                              	VRAM EQU 0x0ff8		;Graphic buffer starting address
    11 00000000                                 	
    12                                          	org 0xc200
    13 0000C200                                 	
    14 0000C200 B0 13                           	mov al,0x13			;VGA圖形、320*200*8bit彩色
    15 0000C202 B4 00                           	mov ah,0x00
    16 0000C204 CD 10                           	int 0x10
    17 0000C206 C6 06 0FF2 08                   	mov byte [VMODE],8	;record screens mode
    18 0000C20B C7 06 0FF4 0140                 	mov word [SCRNX],320
    19 0000C211 C7 06 0FF6 00C8                 	mov word [SCRNY],200
    20 0000C217 66 C7 06 0FF8 000A0000          	mov dword [VRAM],0x000a0000
    21 0000C220                                 	
    22 0000C220                                 ; tell leds status by bios
    23 0000C220                                 	
    24 0000C220 B4 12                           	mov ah,0x12
    25 0000C222 CD 16                           	int 0x16			;keyboard bios
    26 0000C224 A2 0FF1                         	mov [LEDS],al
    27 0000C227                                 fin:
    28 0000C227 F4                              	hlt
    29 0000C228 EB FD                           	jmp fin